// Jest Snapshot v1, https://goo.gl/fbAQLP

exports[`Pruebas en <FirstApp /> debe de hacer match con el snapshot 1`] = `
<div>
  <h1
    class="mt-2"
  >
     
    Hola, Soy Goku
     
  </h1>
  <hr />
  <p>
     
    No tiene sub-titulo
     
  </p>
  <p>
     
    No tiene name
     
  </p>
</div>
`;
